../Core/Src/main.c:65:5:main	16	static
../Core/Src/main.c:195:6:SystemClock_Config	88	static
../Core/Src/main.c:238:13:MX_CAN1_Init	8	static
../Core/Src/main.c:271:13:MX_CAN2_Init	8	static
../Core/Src/main.c:305:13:MX_USART3_UART_Init	8	static
../Core/Src/main.c:322:13:MX_GPIO_Init	48	static
../Core/Src/main.c:363:6:MX_CAN1_Setup	16	static
../Core/Src/main.c:387:6:MX_CAN2_Setup	16	static
../Core/Src/main.c:412:6:USART3_SendString	16	static
../Core/Src/main.c:421:6:PrintCANLog	40	static
../Core/Src/main.c:453:6:HAL_UART_RxCpltCallback	16	static
../Core/Src/main.c:460:6:delay	16	static
../Core/Src/main.c:465:9:calc_SAE_J1850	24	static
../Core/Src/main.c:502:6:CAN1_TX	32	static
../Core/Src/main.c:529:6:CAN2_TX	32	static
../Core/Src/main.c:578:6:HAL_CAN_RxFifo0MsgPendingCallback	16	static
../Core/Src/main.c:610:6:Error_Handler	8	static,ignoring_inline_asm
