../Core/Src/main.c:91:6:setNRC	16	static
../Core/Src/main.c:100:6:CAN2_TX	4	static
../Core/Src/main.c:103:6:HAL_CAN_RxFifo0MsgPendingCallback	32	static
../Core/Src/main.c:109:6:HAL_CAN_RxFifo1MsgPendingCallback	16	static
../Core/Src/main.c:123:5:main	16	static
../Core/Src/main.c:189:6:SystemClock_Config	88	static
../Core/Src/main.c:236:13:MX_CAN1_Init	8	static
../Core/Src/main.c:276:13:MX_CAN2_Init	8	static
../Core/Src/main.c:316:13:MX_USART3_UART_Init	8	static
../Core/Src/main.c:349:13:MX_GPIO_Init	48	static
../Core/Src/main.c:387:6:MX_CAN1_Setup	8	static
../Core/Src/main.c:393:6:MX_CAN2_Setup	8	static
../Core/Src/main.c:400:6:USART3_SendString	16	static
../Core/Src/main.c:408:6:PrintCANLog	40	static
../Core/Src/main.c:438:6:HAL_UART_RxCpltCallback	16	static
../Core/Src/main.c:444:6:delay	16	static
../Core/Src/main.c:454:6:Error_Handler	4	static,ignoring_inline_asm
